Xu, Xu, Xu, Xu, Xu, Xu, Xu, Xu, Xu, Xu, Xu, Xu, Xu, Xu, Xu, Xu, Xu, Xu, Xu, Xu, Xu, Xu, Xu, Xu, Xu, Xu, Xu, Xu, Xu, Xu, Uu
Xu, Xu, Xu, Xu, Xu, Xu, Xu, Xu, Xu, Xu, Xu, Xu, Xu, Xu, Xu, Xu, Xu, Xu, Xu, Xu, Xu, Xu, Xu, Xu, Xu, Xu, Xu, Xu, Uu, Uu, Uu
Xu, Xu, Xu, Xu, Xu, Xu, Xu, Xu, Xu, Xu, Xu, Xu, Xu, Xu, Xu, Xu, Xu, Xu, Xu, Xu, Xu, Xu, Uu^Uf, Xu, Uu, Uu, Uu, Uu, Uu, Uu, Xu
Xu, Xu, Xu, Xu, Xu, Xu, Xu, Xu, Xu, Xu, Xu, Xu, Xu, Xu, Xu, Xu, Xu, Xu, Xu, Xu, Uu, Uu, Uu, Uu, Uu, Uu, Xu, Uu, Xu, Xu, Xu
Xu, Xu, Xu, Xu, Xu, Xu, Xu, Xu, Xu, Xu, Xu, Xu, Xu, Xu, Xu, Xu, Uu, Uu, Uu, Uu, Uu, Uu, Xu, Uu^Vu, Xu, Xu, Xu, Xu, Xu, Xu, Xu
Xu, Xu, Xu, Xu, Xu, Xu, Xu, Xu, Xu, Xu, Xu, Xu, Xu, Xu, Uu^Uf, Uu, Uu, Uu, Uu, Uu, Xu, Xu, Xu, Xu, Xu, Xu, Xu, Xu, Xu, Xu, Xu
Xu, Xu, Xu, Xu, Xu, Xu, Xu, Xu, Xu, Xu, Xu, Xu, Xu, Xu, Uu^Uf, Uu, Uu, Xu, Xu, Xu, Xu, Xu, Xu, Xu, Xu, Xu, Xu, Xu, Xu, Xu, Xu
Xu, Xu, Xu, Xu, Uu^Cov, Xu, Xu, Xu, Xu, Xu, Xu, Xu, Xu, Xu, Uu, Uu, Xu, Xu, Xu, Xu, Xu, Xu, Xu, Xu, Xu, Xu, Xu, Xu, Xu, Xu, Xu
Xu, Xu, Xu, Uu^Cov, Uu^Kov, Uu^Cov, Uu^Vu, Xu, Xu, Xu, Xu, Xu, Xu, Xu, Uh, Uu, Xu, Xu, Xu, Xu, Xu, Xu, Xu, Xu, Xu, Xu, Xu, Xu, Xu, Xu, Xu
Xu, Xu, Xu, Uu^Cov, Uu^Cov, Uu^Cov, Uu, Uu, Uu, Xu, Xu, Xu, Xu, Uh, Uu, Uu, Xu, Xu, Xu, Xu, Xu, Xu, Xu, Xu, Uu^Uf, Xu, Xu, Xu, Xu, Xu, Xu
Xu, Xu, Xu, Xu, Xu, Xu, Xu, Uu, Uu, Uu^Uf, Xu, Xu, Xu, Uh, Uu, Uu, Uu, Xu, Uu, Xu, Uu, Uu, Uu, Uu, Uu, Uu, Xu, Xu, Xu, Xu, Xu
Xu, Xu, Xu, Xu, Xu, Xu, Xu, Uh, Uh, Uu, Uu, Xu, Uu, Uu, Uu, Uu, Uu, Uu, Uu, Uu, Uu, Uu, Xu, Xu, Uu, Uu, Xu, Xu, Xu, Xu, Xu
Xu, Xu, Xu, Xu, Xu, Xu, Xu, Xu, Uh, Uh, Uu, Uu^Vu, Uu, Uu, Xu, Xu, Xu, Uu, Xu, Uu, Xu, Xu, Xu, Xu, Uu, Uu, Xu, Xu, Xu, Xu, Xu
Xu, Xu, Xu, Xu, Xu, Xu, Uu, Uh, Uu, Uu, Uu, Uu, Xu, Xu, Xu, Xu, Xu, Xu, Xu, Xu, Xu, Xu, Uu^Cov, Uu, Uu^Vu, Uh, Xu, Xu, Xu, Xu, Xu
Xu, Xu, Xu, Xu, Xu, Uu^Uf, Uu, Uu, Xu, Xu, Xu, Xu, Xu, Xu, Xu, Xu, Xu, Xu, Xu, Xu, Xu, Uu^Cov, Uu^Kov, Uu^Cov, Xu, Xu, Xu, Xu, Xu, Xu, Xu
Xu, Xu, Xu, Xu, Uu, Uu, Uu, Xu, Xu, Xu, Xu, Xu, Xu, Xu, Xu, Xu, Xu, Xu, Xu, Xu, Xu, Uu^Cov, Uu^Cov, Uu^Cov, Xu, Xu, Xu, Xu, Xu, Xu, Xu
Xu, Xu, Xu, Uu^Vu, Uu, Uu, Xu, Xu, Xu, Xu, Xu, Xu, Xu, Xu, Xu, Xu, Xu, Xu, Xu, Xu, Xu, Xu, Xu, Xu, Xu, Xu, Xu, Xu, Xu, Xu, Xu
Xu, Xu, Uh, Uu, Uu, Uu, Xu, Xu, Xu, Xu, Xu, Xu, Xu, Xu, Xu, Xu, Xu, Xu, Xu, Xu, Xu, Xu, Xu, Xu, Xu, Xu, Xu, Xu, Xu, Xu, Xu
Xu, Xu, Xu, Uu, Uu^Uf, Xu, Xu, Xu, Xu, Xu, Xu, Xu, Xu, Xu, Xu, Xu, Xu, Xu, Xu, Xu, Uu, Uh, Uu, Xu, Uu^Cov, Uu^Cov, Uu^Cov, Xu, Xu, Xu, Xu
Xu, Xu, Uh, Uu, Xu, Xu, Xu, Xu, Xu, Xu, Xu, Xu, Xu, Xu, Xu, Xu, Uh, Xu, Uu, Uu, Uu, Uu, Uu, Uu, Uu^Cov, Uu^Kov, Uu^Cov, Xu, Xu, Xu, Xu
Xu, Uh, Uu, Uu, Xu, Xu, Xu, Xu, Xu, Xu, Xu, Xu, Uu^Uf, Xu, Uu, Uu, Uu, Uu, Uu, Uu, Xu, Xu, Xu, Uu^Uf, Xu, Uu^Cov, Xu, Xu, Xu, Xu, Xu
Xu, Uh, Uu, Uu, Uu, Xu, Uu, Uu^Vu, Uu, Uu, Uu, Uu, Uu, Uu, Uu^Vu, Uu, Uh, Uu, Xu, Xu, Xos, Xu, Xos, Xos, Xos, Xu, Xu, Xu, Xu, Xu, Xu
Xu, Xu, Xu, Uu, Uu, Uu, Uu, Uu, Uu, Uu, Xu, Uu, Xu, Xu, Xu, Xu, Xu, Xu, Xos, Xos, Iwr^Cov, Xos, Iwr^Cov, Xos, Iwr^Cov, Xos, Xos, Xu, Xu, Xu, Xu
Xu, Xu, Xu, Xu, Xu, Uu^Uf, Xu, Xu, Xu, Xu, Xu, Xu, Xu, Xu, Xu, Xu, Xu, Xos, Xos, Iwr^Cov, Iwr^Cov, Iwr^Cov, Icn^Kov, Iwr^Cov, Iwr^Cov, Iwr^Cov, Xos, Xos, Xu, Xu, Xu
Xu, Xu, Xu, Xu, Xu, Xu, Xu, Xu, Xu, Xu, Ur, Xu, Uu, Xu, Xu, Xu, Xu, Xos, Iwr^Cov, Iwr^Cov, Icn^Kov, Icn^Kov, Icn^Kov, Icn^Kov, Icn^Kov, Iwr^Cov, Iwr^Cov, Xos, Xu, Xu, Xu
Xu, Xu, Xu, Xu, Xu, Xu, Xu, Xu, Ur, Ur, Uh, Ur, Ur, Uu, Xu, Xu, Xu, Xos, Iwr^Cov, Icn^Kov, Icn^Kov, Icn^Kov, Icn^Kov, Icn^Kov, Icn^Kov, Icn^Kov, Iwr^Cov, Xos, Xu, Xu, Xu
Xu, Xu, Xu, Xu, Xu, Xu, Ur, Ur, Uh, Uh, Xu, Uh, Uu, Uu, Xu, Xu, Xu, Xos, Xos, Iwr^Cov, Iwr^Cov, Icn^Kov, Icn^Kov, Icn^Kov, Iwr^Cov, Iwr^Cov, Xos, Xos, Xu, Xu, Xu
Xu, Xu, Xu, Xu, Xu, Xu, Ur, Uh, Uh, Xu, Xu, Xu, Xu, Xu, Xu, Xu, Xu, Xos, Xos, Iwr^Cov, Iwr^Cov, Iwr^Cov, Iwr^Cov, Iwr^Cov, Iwr^Cov, Iwr^Cov, Xos, Xos, Xu, Xu, Xu
Xu, Xu, Xu, Xu, Xu, Xu, 2 Uu, Ur, 1 Uu, Xu, Xu, Xu, Xu, Xu, Xu, Xu, Xu, Xu, Xu, Xos, Xos, Xos, Xu, Xos, Xos, Xos, Xu, Xu, Xu, Xu, Xu
Xu, Xu, Xu, Xu, Xu, Xu, Uu^Ii, Ur^Ii, Uu^Ii, Xu, Xu, Xu, Xu, Xu, Xu, Xu, Xu, Xu, Xu, Xu, Xu, Xu, Xu, Xu, Xu, Xu, Xu, Xu, Xu, Xu, Xu
